-- start_ignore
-- end_ignore
-- @description query01 for PXF filter pushdown disabled case
SET gp_external_enable_filter_pushdown = off;
SET

SET optimizer = off;
SET
SELECT * FROM test_filter WHERE t0 = 'C' AND a1 = 2 ORDER BY t0, a1;
 t0 | a1 | b2 |  c3  | d4  | e5 | filtervalue
----+----+----+------+-----+----+-------------
 C  |  2 |    | 2.21 | CC  | CC | No filter
(1 row)

SELECT * FROM test_filter WHERE t0 = 'J' AND a1 = 9 AND b2 = false AND c3 = 9.91 AND d4 = 'JJ' AND e5 = 'JJ' ORDER BY t0, a1;
 t0 | a1 | b2 |  c3  | d4  | e5 | filtervalue
----+----+----+------+-----+----+-------------
 J  |  9 | f  | 9.91 | JJ  | JJ | No filter
(1 row)

SET optimizer = on;
SET
SELECT * FROM test_filter WHERE t0 = 'C' AND a1 = 2 ORDER BY t0, a1;
 t0 | a1 | b2 |  c3  | d4  | e5 | filtervalue
----+----+----+------+-----+----+-------------
 C  |  2 |    | 2.21 | CC  | CC | No filter
(1 row)

SELECT * FROM test_filter WHERE t0 = 'J' AND a1 = 9 AND b2 = false AND c3 = 9.91 AND d4 = 'JJ' AND e5 = 'JJ' ORDER BY t0, a1;
 t0 | a1 | b2 |  c3  | d4  | e5 | filtervalue
----+----+----+------+-----+----+-------------
 J  |  9 | f  | 9.91 | JJ  | JJ | No filter
(1 row)
